<?xml version="1.0" encoding="UTF-8"?>
<package name="Adventures of Lolo 1">
    <level name="This is the first level" width="11" height="11">
        <terrain type="brick" x="1" y="1" width="11" height="11" />

        <obstacle type="tree" x="2" y="2" width="2" height="2" />
        <obstacle type="tree" x="3" y="4" width="2" height="1" />
        <obstacle type="tree" x="10" y="1" width="1" height="2" />
        <obstacle type="tree" x="11" y="1" width="1" height="4" />
        <obstacle type="tree" x="10" y="5" />
        <obstacle type="tree" x="2" y="7" width="2" height="1" />
        <obstacle type="tree" x="1" y="8" width="4" height="2" />
        <obstacle type="tree" x="2" y="10" width="2" height="1" />
        <obstacle type="tree" x="8" y="8" width="2" height="1" />
        <obstacle type="tree" x="8" y="9" width="3" height="1" />
        <obstacle type="tree" x="9" y="10" width="2" height="1" />
        <obstacle type="rock" x="1" y="1" width="6" height="1" />
        <obstacle type="rock" x="1" y="2" />
        <obstacle type="rock" x="4" y="2" width="1" height="2" />
        <obstacle type="rock" x="5" y="3" width="2" height="3" />
        <obstacle type="rock" x="8" y="1" width="2" height="5" />
        <obstacle type="rock" x="10" y="3" width="1" height="2" />
        <obstacle type="rock" x="9" y="6" />
        <obstacle type="rock" x="1" y="10" />
        <obstacle type="rock" x="1" y="11" width="6" height="1" />
        <obstacle type="rock" x="4" y="11" />

        <item type="chest" x="5" y="10" />
        <item type="heart" x="5" y="2" />
        <item type="heart" x="11" y="5" />

        <enemy type="snakey" x="7" y="6" />

        <player type="lolo" x="1" y="5" direction="down" />
    </level>
</package>